Status Code: 200
Response: {"id":"SLK-59E5","name":"foo","status":"COMPLETED","location_name":"bar","center_latitude":41.5,"center_longitude":2.5,"summary_json":{"case_id":"SLK-59E5","status":"COMPLETED","is_test_mode":true,"attribution_mode":"BAYESIAN","spill":{"confidence_score":0.942,"confidence_label":"HIGH CONFIDENCE","area_km2":41.8,"perimeter_km":36.8,"length_km":16.2,"width_km":5.4,"est_volume_bbl":7350.0,"polygon_geojson":{"type":"Polygon","coordinates":[[[2.465,41.478],[2.542,41.515],[2.578,41.472],[2.492,41.448],[2.465,41.478]]]},"observation_time":"2026-09-02T04:18:00Z","acquisition_timestamp":"2026-09-02T04:18:00Z","observation_time_source":"test_fixture","detection_timestamp":"2026-09-02T04:18:00Z","processing_time":"2026-09-19 20:45:59 UTC","satellite_source":"Sentinel-1A (IW / VV)","model_inference":false,"geospatial_metadata_detected":false,"geospatial_source":"preset_synthetic","spill_latitude":41.5,"spill_longitude":2.5,"requires_coordinates":false},"drift":{"status":"COMPLETED","origin_latitude":41.464117,"origin_longitude":2.473619,"origin_timestamp":"2026-09-02T01:18:00+00:00","drift_trajectory":[{"time":"origin","lat":41.464117,"lon":2.473619},{"time":"detected (0h)","lat":41.5,"lon":2.5},{"time":"+6h forecast","lat":41.510358,"lon":2.617291},{"time":"+12h forecast","lat":41.540714,"lon":2.709827},{"time":"+24h forecast","lat":41.603282,"lon":2.893754},{"time":"+48h forecast","lat":41.728739,"lon":3.262789}],"prefilter_start_time":null,"prefilter_end_time":null,"candidate_spatial_region":null,"simulation_duration_hours":null},"vessels":[],"feature2":{"status":"COMPLETED","processing_mode":"live","origin":{"origin_latitude":41.464117,"origin_longitude":2.473619,"origin_timestamp":"2026-09-02T01:18:00+00:00","origin_confidence_score":0.7936,"origin_uncertainty_radius_km":2.622,"release_window_start":"2026-08-30T04:18:00+00:00","release_window_end":"2026-09-02T01:18:00+00:00"},"forecast":{"6h":{"lead_time_hours":6.0,"timestamp":"2026-09-02T10:18:00+00:00","centroid_latitude":41.510358,"centroid_longitude":2.617291,"spread_radius_km":2.783,"active_particles":100,"quality":"HIGH","valid":true},"12h":{"lead_time_hours":12.0,"timestamp":"2026-09-02T16:18:00+00:00","centroid_latitude":41.540714,"centroid_longitude":2.709827,"spread_radius_km":2.94,"active_particles":100,"quality":"HIGH","valid":true},"24h":{"lead_time_hours":24.0,"timestamp":"2026-09-03T04:18:00+00:00","centroid_latitude":41.603282,"centroid_longitude":2.893754,"spread_radius_km":3.171,"active_particles":100,"quality":"HIGH","valid":true},"48h":{"lead_time_hours":48.0,"timestamp":"2026-09-04T04:18:00+00:00","centroid_latitude":41.728739,"centroid_longitude":3.262789,"spread_radius_km":3.736,"active_particles":100,"quality":"HIGH","valid":true}},"geojson":{"type":"FeatureCollection","features":[{"type":"Feature","id":"SLK-59E5-origin","geometry":{"type":"Point","coordinates":[2.473619,41.464117]},"properties":{"type":"origin","label":"Estimated Spill Origin","confidence_score":0.7936,"uncertainty_radius_km":2.622,"timestamp":"2026-09-02T01:18:00+00:00"}},{"type":"Feature","id":"SLK-59E5-forecast-6h","geometry":{"type":"Point","coordinates":[2.617291,41.510358]},"properties":{"type":"forecast","horizon":"6h","label":"+6h Forecast","spread_radius_km":2.783,"quality":"HIGH","timestamp":"2026-09-02T10:18:00+00:00"}},{"type":"Feature","id":"SLK-59E5-forecast-12h","geometry":{"type":"Point","coordinates":[2.709827,41.540714]},"properties":{"type":"forecast","horizon":"12h","label":"+12h Forecast","spread_radius_km":2.94,"quality":"HIGH","timestamp":"2026-09-02T16:18:00+00:00"}},{"type":"Feature","id":"SLK-59E5-forecast-24h","geometry":{"type":"Point","coordinates":[2.893754,41.603282]},"properties":{"type":"forecast","horizon":"24h","label":"+24h Forecast","spread_radius_km":3.171,"quality":"HIGH","timestamp":"2026-09-03T04:18:00+00:00"}},{"type":"Feature","id":"SLK-59E5-forecast-48h","geometry":{"type":"Point","coordinates":[3.262789,41.728739]},"properties":{"type":"forecast","horizon":"48h","label":"+48h Forecast","spread_radius_km":3.736,"quality":"HIGH","timestamp":"2026-09-04T04:18:00+00:00"}}]},"pipeline_response":null},"bayesian_report":{"spill_id":"SLK-59E5","report_timestamp":"2026-09-19T20:46:07.597260Z","status":"VALIDATION_ERROR","hypothesis_space_truncated":false,"candidate_limit":5000,"total_valid_candidates":0,"returned_candidate_count":0,"evaluated_candidate_count":0,"unavailable_candidate_count":0,"unavailable_candidate_ids":[],"prior_mode":"UNIFORM","normalization_constant":0.0,"log_normalization_constant":null,"posterior_sum":0.0,"candidates":[],"provenance":{"environmental_data_provider":"mock_currents","simulation_engine":"OpenOil","bayesian_configuration":{"prefilter":{"bayesian_prefilter_hours":12.0},"candidate":{"bayesian_max_candidates":5000,"bayesian_prior_mode":"UNIFORM"},"likelihood":{"likelihood_mode":"threshold","gaussian_sigma_m":500.0,"observation_time_tolerance_seconds":3600.0,"include_stranded_particles":false,"include_other_terminal_particles":false}},"truncation_metadata":{}},"limitations":[],"warnings":[],"errors":["No valid AIS candidates found in search window."]},"attribution_status":"NO_VESSELS_FOUND","attribution_message":null,"processed_at":"2026-09-19 20:46:07 UTC"},"created_at":"2026-09-19T20:46:07.659284"}
